<title>Vdbench output/config.html</title><pre>
Output from script /home/vani/Downloads/Assignment-4/linux/config.sh: 

Sunday 13 November 2022 10:33:05 PM IST
>>>>>uname -a
Linux vani-HP-EliteDesk-800-G2-TWR 5.15.0-52-generic #58~20.04.1-Ubuntu SMP Thu Oct 13 13:09:46 UTC 2022 x86_64 x86_64 x86_64 GNU/Linux
Sunday 13 November 2022 10:33:05 PM IST
>>>>>ifconfig -a
eno1: flags=4163<UP,BROADCAST,RUNNING,MULTICAST>  mtu 1500
        inet 172.16.114.57  netmask 255.255.255.128  broadcast 172.16.114.127
        ether a0:8c:fd:e3:d9:53  txqueuelen 1000  (Ethernet)
        RX packets 168355  bytes 110297498 (110.2 MB)
        RX errors 8  dropped 0  overruns 0  frame 6
        TX packets 87064  bytes 21324316 (21.3 MB)
        TX errors 0  dropped 0 overruns 0  carrier 0  collisions 0
        device interrupt 16  memory 0xd1000000-d1020000  

lo: flags=73<UP,LOOPBACK,RUNNING>  mtu 65536
        inet 127.0.0.1  netmask 255.0.0.0
        inet6 ::1  prefixlen 128  scopeid 0x10<host>
        loop  txqueuelen 1000  (Local Loopback)
        RX packets 19120  bytes 2982775 (2.9 MB)
        RX errors 0  dropped 0  overruns 0  frame 0
        TX packets 19120  bytes 2982775 (2.9 MB)
        TX errors 0  dropped 0 overruns 0  carrier 0  collisions 0

virbr0: flags=4099<UP,BROADCAST,MULTICAST>  mtu 1500
        inet 192.168.122.1  netmask 255.255.255.0  broadcast 192.168.122.255
        ether 52:54:00:95:59:ef  txqueuelen 1000  (Ethernet)
        RX packets 0  bytes 0 (0.0 B)
        RX errors 0  dropped 0  overruns 0  frame 0
        TX packets 0  bytes 0 (0.0 B)
        TX errors 0  dropped 0 overruns 0  carrier 0  collisions 0

virbr0-nic: flags=4098<BROADCAST,MULTICAST>  mtu 1500
        ether 52:54:00:95:59:ef  txqueuelen 1000  (Ethernet)
        RX packets 0  bytes 0 (0.0 B)
        RX errors 0  dropped 0  overruns 0  frame 0
        TX packets 0  bytes 0 (0.0 B)
        TX errors 0  dropped 0 overruns 0  carrier 0  collisions 0

Sunday 13 November 2022 10:33:05 PM IST
>>>>>id
uid=0(root) gid=0(root) groups=0(root)
Sunday 13 November 2022 10:33:05 PM IST
>>>>>mount
sysfs on /sys type sysfs (rw,nosuid,nodev,noexec,relatime)
proc on /proc type proc (rw,nosuid,nodev,noexec,relatime)
udev on /dev type devtmpfs (rw,nosuid,noexec,relatime,size=3968648k,nr_inodes=992162,mode=755,inode64)
devpts on /dev/pts type devpts (rw,nosuid,noexec,relatime,gid=5,mode=620,ptmxmode=000)
tmpfs on /run type tmpfs (rw,nosuid,nodev,noexec,relatime,size=801848k,mode=755,inode64)
/dev/sda2 on / type ext4 (rw,relatime,errors=remount-ro)
securityfs on /sys/kernel/security type securityfs (rw,nosuid,nodev,noexec,relatime)
tmpfs on /dev/shm type tmpfs (rw,nosuid,nodev,inode64)
tmpfs on /run/lock type tmpfs (rw,nosuid,nodev,noexec,relatime,size=5120k,inode64)
tmpfs on /sys/fs/cgroup type tmpfs (ro,nosuid,nodev,noexec,mode=755,inode64)
cgroup2 on /sys/fs/cgroup/unified type cgroup2 (rw,nosuid,nodev,noexec,relatime,nsdelegate)
cgroup on /sys/fs/cgroup/systemd type cgroup (rw,nosuid,nodev,noexec,relatime,xattr,name=systemd)
pstore on /sys/fs/pstore type pstore (rw,nosuid,nodev,noexec,relatime)
efivarfs on /sys/firmware/efi/efivars type efivarfs (rw,nosuid,nodev,noexec,relatime)
bpf on /sys/fs/bpf type bpf (rw,nosuid,nodev,noexec,relatime,mode=700)
cgroup on /sys/fs/cgroup/cpuset type cgroup (rw,nosuid,nodev,noexec,relatime,cpuset)
cgroup on /sys/fs/cgroup/hugetlb type cgroup (rw,nosuid,nodev,noexec,relatime,hugetlb)
cgroup on /sys/fs/cgroup/devices type cgroup (rw,nosuid,nodev,noexec,relatime,devices)
cgroup on /sys/fs/cgroup/freezer type cgroup (rw,nosuid,nodev,noexec,relatime,freezer)
cgroup on /sys/fs/cgroup/net_cls,net_prio type cgroup (rw,nosuid,nodev,noexec,relatime,net_cls,net_prio)
cgroup on /sys/fs/cgroup/blkio type cgroup (rw,nosuid,nodev,noexec,relatime,blkio)
cgroup on /sys/fs/cgroup/rdma type cgroup (rw,nosuid,nodev,noexec,relatime,rdma)
cgroup on /sys/fs/cgroup/cpu,cpuacct type cgroup (rw,nosuid,nodev,noexec,relatime,cpu,cpuacct)
cgroup on /sys/fs/cgroup/pids type cgroup (rw,nosuid,nodev,noexec,relatime,pids)
cgroup on /sys/fs/cgroup/perf_event type cgroup (rw,nosuid,nodev,noexec,relatime,perf_event)
cgroup on /sys/fs/cgroup/memory type cgroup (rw,nosuid,nodev,noexec,relatime,memory)
cgroup on /sys/fs/cgroup/misc type cgroup (rw,nosuid,nodev,noexec,relatime,misc)
systemd-1 on /proc/sys/fs/binfmt_misc type autofs (rw,relatime,fd=28,pgrp=1,timeout=0,minproto=5,maxproto=5,direct,pipe_ino=19468)
mqueue on /dev/mqueue type mqueue (rw,nosuid,nodev,noexec,relatime)
debugfs on /sys/kernel/debug type debugfs (rw,nosuid,nodev,noexec,relatime)
hugetlbfs on /dev/hugepages type hugetlbfs (rw,relatime,pagesize=2M)
tracefs on /sys/kernel/tracing type tracefs (rw,nosuid,nodev,noexec,relatime)
fusectl on /sys/fs/fuse/connections type fusectl (rw,nosuid,nodev,noexec,relatime)
configfs on /sys/kernel/config type configfs (rw,nosuid,nodev,noexec,relatime)
/var/lib/snapd/snaps/bare_5.snap on /snap/bare/5 type squashfs (ro,nodev,relatime,errors=continue,x-gdu.hide)
/var/lib/snapd/snaps/gnome-3-38-2004_119.snap on /snap/gnome-3-38-2004/119 type squashfs (ro,nodev,relatime,errors=continue,x-gdu.hide)
/var/lib/snapd/snaps/core20_1695.snap on /snap/core20/1695 type squashfs (ro,nodev,relatime,errors=continue,x-gdu.hide)
/var/lib/snapd/snaps/gtk-common-themes_1519.snap on /snap/gtk-common-themes/1519 type squashfs (ro,nodev,relatime,errors=continue,x-gdu.hide)
/var/lib/snapd/snaps/snapd_17029.snap on /snap/snapd/17029 type squashfs (ro,nodev,relatime,errors=continue,x-gdu.hide)
/var/lib/snapd/snaps/gtk-common-themes_1535.snap on /snap/gtk-common-themes/1535 type squashfs (ro,nodev,relatime,errors=continue,x-gdu.hide)
/var/lib/snapd/snaps/gnome-3-38-2004_115.snap on /snap/gnome-3-38-2004/115 type squashfs (ro,nodev,relatime,errors=continue,x-gdu.hide)
/var/lib/snapd/snaps/snap-store_592.snap on /snap/snap-store/592 type squashfs (ro,nodev,relatime,errors=continue,x-gdu.hide)
/var/lib/snapd/snaps/snap-store_599.snap on /snap/snap-store/599 type squashfs (ro,nodev,relatime,errors=continue,x-gdu.hide)
/var/lib/snapd/snaps/core20_1634.snap on /snap/core20/1634 type squashfs (ro,nodev,relatime,errors=continue,x-gdu.hide)
/var/lib/snapd/snaps/snapd_17336.snap on /snap/snapd/17336 type squashfs (ro,nodev,relatime,errors=continue,x-gdu.hide)
binfmt_misc on /proc/sys/fs/binfmt_misc type binfmt_misc (rw,nosuid,nodev,noexec,relatime)
/dev/sda1 on /boot/efi type vfat (rw,relatime,fmask=0077,dmask=0077,codepage=437,iocharset=iso8859-1,shortname=mixed,errors=remount-ro)
tmpfs on /run/user/1000 type tmpfs (rw,nosuid,nodev,relatime,size=801844k,mode=700,uid=1000,gid=1000,inode64)
gvfsd-fuse on /run/user/1000/gvfs type fuse.gvfsd-fuse (rw,nosuid,nodev,relatime,user_id=1000,group_id=1000)
/dev/fuse on /run/user/1000/doc type fuse (rw,nosuid,nodev,relatime,user_id=1000,group_id=1000)
zfs_pool on /zfs_pool type zfs (rw,xattr,noacl)
/dev/sdb1 on /ext4_fs type ext4 (rw,relatime)
Sunday 13 November 2022 10:33:05 PM IST
>>>>>memory
MemTotal:        8018472 kB
MemFree:         1964472 kB
MemAvailable:    3498488 kB
Buffers:          128184 kB
Cached:          2401540 kB
SwapCached:           52 kB
Active:          1305020 kB
Inactive:        3874264 kB
Active(anon):       4672 kB
Inactive(anon):  3486244 kB
Active(file):    1300348 kB
Inactive(file):   388020 kB
Unevictable:      135824 kB
Mlocked:              36 kB
SwapTotal:       2097148 kB
SwapFree:        2095600 kB
Dirty:              2176 kB
Writeback:             0 kB
AnonPages:       2785448 kB
Mapped:           567064 kB
Shmem:            845296 kB
KReclaimable:     132692 kB
Slab:             265184 kB
SReclaimable:     132692 kB
SUnreclaim:       132492 kB
KernelStack:       18624 kB
PageTables:        54764 kB
NFS_Unstable:          0 kB
Bounce:                0 kB
WritebackTmp:          0 kB
CommitLimit:     6106384 kB
Committed_AS:   13570164 kB
VmallocTotal:   34359738367 kB
VmallocUsed:      141880 kB
VmallocChunk:          0 kB
Percpu:             4256 kB
HardwareCorrupted:     0 kB
AnonHugePages:         0 kB
ShmemHugePages:        0 kB
ShmemPmdMapped:        0 kB
FileHugePages:         0 kB
FilePmdMapped:         0 kB
HugePages_Total:       0
HugePages_Free:        0
HugePages_Rsvd:        0
HugePages_Surp:        0
Hugepagesize:       2048 kB
Hugetlb:               0 kB
DirectMap4k:      699376 kB
DirectMap2M:     7567360 kB
DirectMap1G:           0 kB
              total        used        free      shared  buff/cache   available
Mem:        8018472     3391584     1964472      845296     2662416     3498488
Low:        8018472     6054000     1964472
High:             0           0           0
Swap:       2097148        1548     2095600
Sunday 13 November 2022 10:33:05 PM IST
>>>>>ps -ef | grep -i vdb
vani        5246    1557  0 21:22 ?        00:00:17 evince /home/vani/Downloads/Assignment-4/vdbench.pdf
root       18931    8657  0 22:33 pts/1    00:00:00 sudo ./vdbench -f workload2 anchor=/ext4_fs
root       18932   18931  0 22:33 pts/1    00:00:00 /bin/bash ./vdbench -f workload2 anchor=/ext4_fs
root       18934   18932 59 22:33 pts/1    00:00:00 java -client -Xmx512m -Xms64m -cp ./:./classes:./vdbench.jar Vdb.Vdbmain -f workload2 anchor=/ext4_fs
root       18959   18934  0 22:33 pts/1    00:00:00 /bin/bash /home/vani/Downloads/Assignment-4/vdbench SlaveJvm -m localhost -n localhost-10-221113-22.33.05.143 -l localhost-0 -p 5570
root       18963   18959  0 22:33 pts/1    00:00:00 java -client -Xmx1024m -Xms128m -cp /home/vani/Downloads/Assignment-4/:/home/vani/Downloads/Assignment-4/classes:/home/vani/Downloads/Assignment-4/vdbench.jar Vdb.SlaveJvm SlaveJvm -m localhost -n localhost-10-221113-22.33.05.143 -l localhost-0 -p 5570
root       19010   18994  0 22:33 pts/1    00:00:00 grep -i vdb

